4. На вашиот компјутер, направете директориум (локален репозиториум) којшто ќе
биде со исто име како и вашиот оддалечен репозиториум. Влезете во
директориумот и иницијализирајте го Git во директориумот
     -vlegov vo direktoriumot i so git init go inicijalizirav

5. Поврзете го локалниот репозиториум со оддалечениот репозиториум.
     Luka@DESKTOP-EGFLEIQ MINGW64 ~/Desktop/SI_2024_lab1_223051 (master)
$ git remote add origin https://github.com/0margarita0/SI_2024_lab1_223051..git
  
  git remote -v
Luka@DESKTOP-EGFLEIQ MINGW64 ~/Desktop/SI_2024_lab1_223051 (master)
$ git remote -v
origin  https://github.com/0margarita0/SI_2024_lab1_223051..git (fetch)
origin  https://github.com/0margarita0/SI_2024_lab1_223051..git (push)



6. nano README.md gi vnesov imeto, prezimeto i indeksot, potoa git commit "Initial commit"

7.Luka@DESKTOP-EGFLEIQ MINGW64 ~/Desktop/SI_2024_lab1_223051 (master)
$ cd

Luka@DESKTOP-EGFLEIQ MINGW64 ~
$ mv "Downloads/SILab1_1.java" "Desktop/SI_2024_lab1_223051"

Luka@DESKTOP-EGFLEIQ MINGW64 ~
$ mv "Downloads/SILab1_2.java" "Desktop/SI_2024_lab1_223051"

Luka@DESKTOP-EGFLEIQ MINGW64 ~
$ mv "Downloads/SILab1Main.java" "Desktop/SI_2024_lab1_223051"

$ git add --all
i posle
$ git commit -m "Add starter code"
[master (root-commit) c5020d0] Add starter code
 4 files changed, 48 insertions(+)
 create mode 100644 README.md
 create mode 100644 SILab1Main.java
 create mode 100644 SILab1_1.java
 create mode 100644 SILab1_2.java

8.$ git push origin master
Enumerating objects: 6, done.
Counting objects: 100% (6/6), done.
Delta compression using up to 4 threads
Compressing objects: 100% (5/5), done.
Writing objects: 100% (6/6), 963 bytes | 192.00 KiB/s, done.
Total 6 (delta 0), reused 0 (delta 0), pack-reused 0 (from 0)
To https://github.com/0margarita0/SI_2024_lab1_223051..git
 * [new branch]      master -> master

9.$ git branch bug 1
$ git branch bug 2

10.git checkout bug1

11.nano SILab1_1.java, popravame greskata i posle
git add .
Luka@DESKTOP-EGFLEIQ MINGW64 ~/Desktop/SI_2024_lab1_223051 (bug1)
$ git commit -m "Fix wrong condition in filterOddLengthStrings"
[bug1 2b2e1ec] Fix wrong condition in filterOddLengthStrings
 1 file changed, 2 insertions(+), 2 deletions(-)

12.git checkout bug2

13.nano SILab1_2.java, popravame i potoa
Luka@DESKTOP-EGFLEIQ MINGW64 ~/Desktop/SI_2024_lab1_223051 (bug2)
$ git add .
warning: in the working copy of 'SILab1_2.java', LF will be replaced by CRLF the next time Git touches it

Luka@DESKTOP-EGFLEIQ MINGW64 ~/Desktop/SI_2024_lab1_223051 (bug2)
$ git commit -m "Fix wrong condition in makeBigStringFrom"
[bug2 0f72749] Fix wrong condition in makeBigStringFrom
 1 file changed, 2 insertions(+), 2 deletions(-)

14.git checkout bug1

15.Luka@DESKTOP-EGFLEIQ MINGW64 ~/Desktop/SI_2024_lab1_223051 (bug1)
$ nano SILab1Main.java

Luka@DESKTOP-EGFLEIQ MINGW64 ~/Desktop/SI_2024_lab1_223051 (bug1)
$ git add .
warning: in the working copy of 'SILab1Main.java', LF will be replaced by CRLF the next time Git touches it

Luka@DESKTOP-EGFLEIQ MINGW64 ~/Desktop/SI_2024_lab1_223051 (bug1)
$ git commit -m " Call method filterOddLengthStrings in main class"
[bug1 f681913]  Call method filterOddLengthStrings in main class
 1 file changed, 1 insertion(+)

16.git checkout bug2

17.Luka@DESKTOP-EGFLEIQ MINGW64 ~/Desktop/SI_2024_lab1_223051 (bug2)
$ nano SILab1Main.java

Luka@DESKTOP-EGFLEIQ MINGW64 ~/Desktop/SI_2024_lab1_223051 (bug2)
$ git add .

Luka@DESKTOP-EGFLEIQ MINGW64 ~/Desktop/SI_2024_lab1_223051 (bug2)
$ git commit -m " Call method makeBigStringFrom in main class"
[bug2 fa325bd]  Call method makeBigStringFrom in main class
 1 file changed, 1 insertion(+)

18.Luka@DESKTOP-EGFLEIQ MINGW64 ~/Desktop/SI_2024_lab1_223051 (bug2)
$ git push
fatal: The current branch bug2 has no upstream branch.
To push the current branch and set the remote as upstream, use

    git push --set-upstream origin bug2

To have this happen automatically for branches without a tracking
upstream, see 'push.autoSetupRemote' in 'git help config'.


Luka@DESKTOP-EGFLEIQ MINGW64 ~/Desktop/SI_2024_lab1_223051 (bug2)
$ git push --set-upstream origin bug2
Enumerating objects: 9, done.
Counting objects: 100% (9/9), done.
Delta compression using up to 4 threads
Compressing objects: 100% (6/6), done.
Writing objects: 100% (6/6), 706 bytes | 353.00 KiB/s, done.
Total 6 (delta 4), reused 0 (delta 0), pack-reused 0 (from 0)
remote: Resolving deltas: 100% (4/4), completed with 3 local objects.
To https://github.com/0margarita0/SI_2024_lab1_223051..git
   c5020d0..fa325bd  bug2 -> bug2
branch 'bug2' set up to track 'origin/bug2'.

19.git checkout master

20.Luka@DESKTOP-EGFLEIQ MINGW64 ~/Desktop/SI_2024_lab1_223051 (master)
$ git merge bug1
Updating c5020d0..f681913
Fast-forward
 SILab1Main.java | 1 +
 SILab1_1.java   | 4 ++--
 2 files changed, 3 insertions(+), 2 deletions(-)

 nema konflikti, fast forward strategija

21.Luka@DESKTOP-EGFLEIQ MINGW64 ~/Desktop/SI_2024_lab1_223051 (master)
$ git push origin master
Enumerating objects: 9, done.
Counting objects: 100% (9/9), done.
Delta compression using up to 4 threads
Compressing objects: 100% (6/6), done.
Writing objects: 100% (6/6), 760 bytes | 253.00 KiB/s, done.
Total 6 (delta 3), reused 0 (delta 0), pack-reused 0 (from 0)
remote: Resolving deltas: 100% (3/3), completed with 2 local objects.
To https://github.com/0margarita0/SI_2024_lab1_223051..git
   c5020d0..f681913  master -> master

22.git checkout bug2

23.Luka@DESKTOP-EGFLEIQ MINGW64 ~/Desktop/SI_2024_lab1_223051 (bug2)
$ git rebase master
Auto-merging SILab1Main.java
CONFLICT (content): Merge conflict in SILab1Main.java
error: could not apply fa325bd...  Call method makeBigStringFrom in main class
hint: Resolve all conflicts manually, mark them as resolved with
hint: "git add/rm <conflicted_files>", then run "git rebase --continue".
hint: You can instead skip this commit: run "git rebase --skip".
hint: To abort and get back to the state before "git rebase", run "git rebase --abort".
Could not apply fa325bd... Call method makeBigStringFrom in main class

Call method makeBigStringFrom in main class
CONFLICT SOLVED
# Please enter the commit message for your changes. Lines starting
# with '#' will be ignored, and an empty message aborts the commit.
#
# interactive rebase in progress; onto f681913
# Last commands done (2 commands done):
#    pick 0f72749 Fix wrong condition in makeBigStringFrom
#    pick fa325bd Call method makeBigStringFrom in main class
# No commands remaining.
# You are currently rebasing branch 'bug2' on 'f681913'.
#
# Changes to be committed:
#       modified:   SILab1Main.java
#

Luka@DESKTOP-EGFLEIQ MINGW64 ~/Desktop/SI_2024_lab1_223051 (bug2|REBASE 2/2)
$ git rebase --continue
[detached HEAD 84929cc]  Call method makeBigStringFrom in main class  Conflict Solved
 1 file changed, 2 insertions(+)
Successfully rebased and updated refs/heads/bug2.

24.git checkout master

25.Luka@DESKTOP-EGFLEIQ MINGW64 ~/Desktop/SI_2024_lab1_223051 (master)
$ git merge bug2
Updating f681913..84929cc
Fast-forward
 SILab1Main.java | 2 ++
 SILab1_2.java   | 4 ++--
 2 files changed, 4 insertions(+), 2 deletions(-)

26.$ git push origin master
$ git push origin bug1
$ git push origin bug2

27.$ git push --force origin bug2
29.$ nano logs.txt
$nano 223051.txt
$git add .
$git commit -m "Final commit"
$git push origin master
